// Jest Snapshot v1, https://goo.gl/fbAQLP

exports[`Authorization Component should render a connected component: connected 1`] = `
<ContextConsumer>
  <Component />
</ContextConsumer>
`;

exports[`Authorization Component should render a non-connected component authorized: non-connected authorized 1`] = `
<Authentication
  authorizeUser={[Function]}
  history={
    Object {
      "listen": [Function],
      "push": [Function],
    }
  }
  session={
    Object {
      "authorized": true,
      "error": false,
      "errorMessage": "",
      "pending": false,
    }
  }
>
  <span
    className="test"
  >
    lorem
  </span>
</Authentication>
`;

exports[`Authorization Component should render a non-connected component error: non-connected error 1`] = `
<Authentication
  authorizeUser={[Function]}
  history={
    Object {
      "listen": [Function],
      "push": [Function],
    }
  }
  session={
    Object {
      "authorized": false,
      "error": true,
      "errorMessage": "Authentication credentials were not provided.",
      "pending": false,
    }
  }
>
  <PageLayout>
    <Page
      breadcrumb={null}
      className="layout-pf app"
      header={null}
      isManagedSidebar={false}
      onPageResize={null}
      sidebar={null}
      skipToContent={null}
    >
      <div
        className="pf-c-page layout-pf app"
      >
        <main
          className="pf-c-page__main"
          role="main"
        >
          <PageSection
            className=""
            noPadding={true}
            noPaddingMobile={false}
            variant="default"
          >
            <section
              className="pf-c-page__main-section pf-m-no-padding"
            >
              <EmptyState
                className="fadein"
                variant="full"
              >
                <div
                  className="pf-c-empty-state fadein"
                >
                  <EmptyStateIcon
                    icon={[Function]}
                  >
                    <BanIcon
                      aria-hidden="true"
                      className="pf-c-empty-state__icon"
                      color="currentColor"
                      size="sm"
                      title={null}
                    >
                      <svg
                        aria-hidden="true"
                        aria-labelledby={null}
                        className="pf-c-empty-state__icon"
                        fill="currentColor"
                        height="1em"
                        role="img"
                        style={
                          Object {
                            "verticalAlign": "-0.125em",
                          }
                        }
                        viewBox="0 0 512 512"
                        width="1em"
                      >
                        <path
                          d="M256 8C119.034 8 8 119.033 8 256s111.034 248 248 248 248-111.034 248-248S392.967 8 256 8zm130.108 117.892c65.448 65.448 70 165.481 20.677 235.637L150.47 105.216c70.204-49.356 170.226-44.735 235.638 20.676zM125.892 386.108c-65.448-65.448-70-165.481-20.677-235.637L361.53 406.784c-70.203 49.356-170.226 44.736-235.638-20.676z"
                          transform=""
                        />
                      </svg>
                    </BanIcon>
                  </EmptyStateIcon>
                  <EmptyStateBody>
                    <p
                      className="pf-c-empty-state__body"
                    >
                      You do not have permission to access. Contact your administrator.
                    </p>
                  </EmptyStateBody>
                </div>
              </EmptyState>
            </section>
          </PageSection>
        </main>
      </div>
    </Page>
  </PageLayout>
</Authentication>
`;

exports[`Authorization Component should render a non-connected component pending: non-connected pending 1`] = `
<PageLayout>
  <EmptyState
    className="fadein"
    variant="full"
  >
    <EmptyStateIcon
      icon={[Function]}
    />
    <EmptyStateBody>
      Authenticating...
    </EmptyStateBody>
  </EmptyState>
</PageLayout>
`;
